// Jest Snapshot v1, https://goo.gl/fbAQLP

exports[`Test ProfileCard snapshot 1`] = `null`;
